#
# There is insufficient memory for the Java Runtime Environment to continue.
# Native memory allocation (malloc) failed to allocate 1936496 bytes. Error detail: Chunk::new
# Possible reasons:
#   The system is out of physical RAM or swap space
#   This process is running with CompressedOops enabled, and the Java Heap may be blocking the growth of the native heap
# Possible solutions:
#   Reduce memory load on the system
#   Increase physical memory or swap space
#   Check if swap backing store is full
#   Decrease Java heap size (-Xmx/-Xms)
#   Decrease number of Java threads
#   Decrease Java thread stack sizes (-Xss)
#   Set larger code cache with -XX:ReservedCodeCacheSize=
#   JVM is running with Unscaled Compressed Oops mode in which the Java heap is
#     placed in the first 4GB address space. The Java Heap base address is the
#     maximum limit for the native heap growth. Please use -XX:HeapBaseMinAddress
#     to set the Java Heap base and to place the Java Heap above 4GB virtual address.
# This output file may be truncated or incomplete.
#
#  Out of Memory Error (arena.cpp:168), pid=62244, tid=18412
#
# JRE version: OpenJDK Runtime Environment (21.0.9) (build 21.0.9+-14787801-b1163.94)
# Java VM: OpenJDK 64-Bit Server VM (21.0.9+-14787801-b1163.94, mixed mode, tiered, compressed oops, compressed class ptrs, g1 gc, windows-amd64)
# No core dump will be written. Minidumps are not enabled by default on client versions of Windows
#

---------------  S U M M A R Y ------------

Command Line: --add-opens=java.base/java.lang=ALL-UNNAMED --add-opens=java.base/java.lang.invoke=ALL-UNNAMED --add-opens=java.base/java.util=ALL-UNNAMED --add-opens=java.prefs/java.util.prefs=ALL-UNNAMED --add-exports=jdk.compiler/com.sun.tools.javac.api=ALL-UNNAMED --add-exports=jdk.compiler/com.sun.tools.javac.util=ALL-UNNAMED --add-opens=java.base/java.util=ALL-UNNAMED --add-opens=java.prefs/java.util.prefs=ALL-UNNAMED --add-opens=java.base/java.nio.charset=ALL-UNNAMED --add-opens=java.base/java.net=ALL-UNNAMED --add-opens=java.base/java.util.concurrent=ALL-UNNAMED --add-opens=java.base/java.util.concurrent.atomic=ALL-UNNAMED --add-opens=java.xml/javax.xml.namespace=ALL-UNNAMED --add-opens=java.base/java.time=ALL-UNNAMED -Xmx2048m -Dfile.encoding=UTF-8 -Duser.country=US -Duser.language=en -Duser.variant -javaagent:C:\Users\Admin\.gradle\wrapper\dists\gradle-9.3.1-bin\23ovyewtku6u96viwx3xl3oks\gradle-9.3.1\lib\agents\gradle-instrumentation-agent-9.3.1.jar org.gradle.launcher.daemon.bootstrap.GradleDaemon 9.3.1

Host: 13th Gen Intel(R) Core(TM) i7-13620H, 16 cores, 15G,  Windows 11 , 64 bit Build 26100 (10.0.26100.8328)
Time: Thu May 21 15:28:37 2026 SE Asia Standard Time elapsed time: 5.129441 seconds (0d 0h 0m 5s)

---------------  T H R E A D  ---------------

Current thread (0x000001f894c56050):  JavaThread "C2 CompilerThread2" daemon [_thread_in_native, id=18412, stack(0x000000c80e100000,0x000000c80e200000) (1024K)]


Current CompileTask:
C2:5129 3307   !   4       java.net.URLClassLoader::findClass (47 bytes)

Stack: [0x000000c80e100000,0x000000c80e200000]
Native frames: (J=compiled Java code, j=interpreted, Vv=VM code, C=native code)
V  [jvm.dll+0x6d6c99]
V  [jvm.dll+0x866b83]
V  [jvm.dll+0x8691ae]
V  [jvm.dll+0x869893]
V  [jvm.dll+0x280776]
V  [jvm.dll+0xc07cd]
V  [jvm.dll+0xc0d03]
V  [jvm.dll+0x3b9831]
V  [jvm.dll+0x3856a7]
V  [jvm.dll+0x384b1a]
V  [jvm.dll+0x249462]
V  [jvm.dll+0x248a31]
V  [jvm.dll+0x1c7344]
V  [jvm.dll+0x2581ae]
V  [jvm.dll+0x2566f6]
V  [jvm.dll+0x3f48a6]
V  [jvm.dll+0x80f118]
V  [jvm.dll+0x6d54ed]
C  [ucrtbase.dll+0x37b0]
C  [KERNEL32.DLL+0x2e957]
C  [ntdll.dll+0x427c]


---------------  P R O C E S S  ---------------

Threads class SMR info:
_java_thread_list=0x000001f8951513e0, length=27, elements={
0x000001f8fa36b130, 0x000001f894bfdb60, 0x000001f894c04b50, 0x000001f894bfe5c0,
0x000001f894c01580, 0x000001f894c3ae90, 0x000001f894c3b8f0, 0x000001f894c40970,
0x000001f894c45940, 0x000001f894c57b90, 0x000001f894c56df0, 0x000001f89507d720,
0x000001f894c596d0, 0x000001f894c56050, 0x000001f89b9cc3c0, 0x000001f89c020a50,
0x000001f89adfd490, 0x000001f89bf94a20, 0x000001f89b61cbb0, 0x000001f89bdd5e90,
0x000001f89bbcbf90, 0x000001f89bbca550, 0x000001f89bbcc620, 0x000001f89bbcccb0,
0x000001f89bbcb270, 0x000001f89bbcabe0, 0x000001f89bbc9ec0
}

Java Threads: ( => current thread )
  0x000001f8fa36b130 JavaThread "main"                              [_thread_blocked, id=65824, stack(0x000000c80cd00000,0x000000c80ce00000) (1024K)]
  0x000001f894bfdb60 JavaThread "Common-Cleaner"             daemon [_thread_blocked, id=73124, stack(0x000000c80d500000,0x000000c80d600000) (1024K)]
  0x000001f894c04b50 JavaThread "Reference Handler"          daemon [_thread_blocked, id=42132, stack(0x000000c80d600000,0x000000c80d700000) (1024K)]
  0x000001f894bfe5c0 JavaThread "Finalizer"                  daemon [_thread_blocked, id=78128, stack(0x000000c80d700000,0x000000c80d800000) (1024K)]
  0x000001f894c01580 JavaThread "Signal Dispatcher"          daemon [_thread_blocked, id=32628, stack(0x000000c80d800000,0x000000c80d900000) (1024K)]
  0x000001f894c3ae90 JavaThread "Attach Listener"            daemon [_thread_blocked, id=46580, stack(0x000000c80d900000,0x000000c80da00000) (1024K)]
  0x000001f894c3b8f0 JavaThread "Service Thread"             daemon [_thread_blocked, id=12992, stack(0x000000c80da00000,0x000000c80db00000) (1024K)]
  0x000001f894c40970 JavaThread "Monitor Deflation Thread"   daemon [_thread_blocked, id=65576, stack(0x000000c80db00000,0x000000c80dc00000) (1024K)]
  0x000001f894c45940 JavaThread "C2 CompilerThread0"         daemon [_thread_blocked, id=41460, stack(0x000000c80dc00000,0x000000c80dd00000) (1024K)]
  0x000001f894c57b90 JavaThread "C1 CompilerThread0"         daemon [_thread_blocked, id=24484, stack(0x000000c80dd00000,0x000000c80de00000) (1024K)]
  0x000001f894c56df0 JavaThread "C1 CompilerThread1"         daemon [_thread_blocked, id=48172, stack(0x000000c80de00000,0x000000c80df00000) (1024K)]
  0x000001f89507d720 JavaThread "Notification Thread"        daemon [_thread_blocked, id=11760, stack(0x000000c80df00000,0x000000c80e000000) (1024K)]
  0x000001f894c596d0 JavaThread "C2 CompilerThread1"         daemon [_thread_blocked, id=83492, stack(0x000000c80e000000,0x000000c80e100000) (1024K)]
=>0x000001f894c56050 JavaThread "C2 CompilerThread2"         daemon [_thread_in_native, id=18412, stack(0x000000c80e100000,0x000000c80e200000) (1024K)]
  0x000001f89b9cc3c0 JavaThread "Daemon health stats"               [_thread_blocked, id=19568, stack(0x000000c80e800000,0x000000c80e900000) (1024K)]
  0x000001f89c020a50 JavaThread "Incoming local TCP Connector on port 49723"        [_thread_in_native, id=49916, stack(0x000000c80eb00000,0x000000c80ec00000) (1024K)]
  0x000001f89adfd490 JavaThread "Daemon periodic checks"            [_thread_blocked, id=30276, stack(0x000000c80ec00000,0x000000c80ed00000) (1024K)]
  0x000001f89bf94a20 JavaThread "Daemon"                            [_thread_blocked, id=10944, stack(0x000000c80ed00000,0x000000c80ee00000) (1024K)]
  0x000001f89b61cbb0 JavaThread "Handler for socket connection from /127.0.0.1:49723 to /127.0.0.1:49724"        [_thread_in_native, id=42000, stack(0x000000c80ee00000,0x000000c80ef00000) (1024K)]
  0x000001f89bdd5e90 JavaThread "Cancel handler"                    [_thread_blocked, id=40448, stack(0x000000c80ef00000,0x000000c80f000000) (1024K)]
  0x000001f89bbcbf90 JavaThread "Daemon worker"                     [_thread_in_Java, id=46880, stack(0x000000c80f900000,0x000000c80fa00000) (1024K)]
  0x000001f89bbca550 JavaThread "Asynchronous log dispatcher for DefaultDaemonConnection: socket connection from /127.0.0.1:49723 to /127.0.0.1:49724"        [_thread_blocked, id=26224, stack(0x000000c80fa00000,0x000000c80fb00000) (1024K)]
  0x000001f89bbcc620 JavaThread "Stdin handler"                     [_thread_blocked, id=81584, stack(0x000000c80fb00000,0x000000c80fc00000) (1024K)]
  0x000001f89bbcccb0 JavaThread "Daemon client event forwarder"        [_thread_blocked, id=1564, stack(0x000000c80fc00000,0x000000c80fd00000) (1024K)]
  0x000001f89bbcb270 JavaThread "Cache worker for journal cache (C:\Users\Admin\.gradle\caches\journal-1)"        [_thread_blocked, id=28368, stack(0x000000c80e700000,0x000000c80e800000) (1024K)]
  0x000001f89bbcabe0 JavaThread "File lock request listener"        [_thread_in_native, id=10560, stack(0x000000c80fd00000,0x000000c80fe00000) (1024K)]
  0x000001f89bbc9ec0 JavaThread "Cache worker for file hash cache (C:\Users\Admin\.gradle\caches\9.3.1\fileHashes)"        [_thread_blocked, id=15592, stack(0x000000c80fe00000,0x000000c80ff00000) (1024K)]
Total: 27

Other Threads:
  0x000001f894bb5560 VMThread "VM Thread"                           [id=45040, stack(0x000000c80d400000,0x000000c80d500000) (1024K)]
  0x000001f893ecb9a0 WatcherThread "VM Periodic Task Thread"        [id=25020, stack(0x000000c80d300000,0x000000c80d400000) (1024K)]
  0x000001f8fc8a0ce0 WorkerThread "GC Thread#0"                     [id=18736, stack(0x000000c80ce00000,0x000000c80cf00000) (1024K)]
  0x000001f895809e30 WorkerThread "GC Thread#1"                     [id=47376, stack(0x000000c80e200000,0x000000c80e300000) (1024K)]
  0x000001f8956a9c60 WorkerThread "GC Thread#2"                     [id=55364, stack(0x000000c80e300000,0x000000c80e400000) (1024K)]
  0x000001f895458d50 WorkerThread "GC Thread#3"                     [id=34468, stack(0x000000c80e400000,0x000000c80e500000) (1024K)]
  0x000001f8954590f0 WorkerThread "GC Thread#4"                     [id=71616, stack(0x000000c80e500000,0x000000c80e600000) (1024K)]
  0x000001f8954f36a0 WorkerThread "GC Thread#5"                     [id=77784, stack(0x000000c80e600000,0x000000c80e700000) (1024K)]
  0x000001f89c054360 WorkerThread "GC Thread#6"                     [id=78336, stack(0x000000c80f000000,0x000000c80f100000) (1024K)]
  0x000001f89c0551e0 WorkerThread "GC Thread#7"                     [id=16364, stack(0x000000c80f100000,0x000000c80f200000) (1024K)]
  0x000001f89c055cc0 WorkerThread "GC Thread#8"                     [id=20044, stack(0x000000c80f200000,0x000000c80f300000) (1024K)]
  0x000001f89c055580 WorkerThread "GC Thread#9"                     [id=62756, stack(0x000000c80f300000,0x000000c80f400000) (1024K)]
  0x000001f89c055920 WorkerThread "GC Thread#10"                    [id=22876, stack(0x000000c80f400000,0x000000c80f500000) (1024K)]
  0x000001f89c054700 WorkerThread "GC Thread#11"                    [id=82896, stack(0x000000c80f500000,0x000000c80f600000) (1024K)]
  0x000001f89c054e40 WorkerThread "GC Thread#12"                    [id=28408, stack(0x000000c80f600000,0x000000c80f700000) (1024K)]
  0x000001f8fc8b3ac0 ConcurrentGCThread "G1 Main Marker"            [id=78784, stack(0x000000c80cf00000,0x000000c80d000000) (1024K)]
  0x000001f8fc8b44d0 WorkerThread "G1 Conc#0"                       [id=1968, stack(0x000000c80d000000,0x000000c80d100000) (1024K)]
  0x000001f89c054aa0 WorkerThread "G1 Conc#1"                       [id=31128, stack(0x000000c80f700000,0x000000c80f800000) (1024K)]
  0x000001f89bea9e10 WorkerThread "G1 Conc#2"                       [id=77580, stack(0x000000c80f800000,0x000000c80f900000) (1024K)]
  0x000001f893e1ea10 ConcurrentGCThread "G1 Refine#0"               [id=45792, stack(0x000000c80d100000,0x000000c80d200000) (1024K)]
  0x000001f893e20240 ConcurrentGCThread "G1 Service"                [id=63796, stack(0x000000c80d200000,0x000000c80d300000) (1024K)]
Total: 21

Threads with active compile tasks:
C2 CompilerThread2  5158 3307   !   4       java.net.URLClassLoader::findClass (47 bytes)
Total: 1

VM state: not at safepoint (normal execution)

VM Mutex/Monitor currently owned by a thread: None

Heap address: 0x0000000080000000, size: 2048 MB, Compressed Oops mode: 32-bit

CDS archive(s) not mapped
Compressed class space mapped at: 0x0000000100000000-0x0000000140000000, reserved size: 1073741824
Narrow klass base: 0x0000000000000000, Narrow klass shift: 3, Narrow klass range: 0x140000000

GC Precious Log:
 CardTable entry size: 512
 Card Set container configuration: InlinePtr #cards 5 size 8 Array Of Cards #cards 12 size 40 Howl #buckets 4 coarsen threshold 1843 Howl Bitmap #cards 512 size 80 coarsen threshold 460 Card regions per heap region 1 cards per card region 2048
 CPUs: 16 total, 16 available
 Memory: 16011M
 Large Page Support: Disabled
 NUMA Support: Disabled
 Compressed Oops: Enabled (32-bit)
 Heap Region Size: 1M
 Heap Min Capacity: 8M
 Heap Initial Capacity: 252M
 Heap Max Capacity: 2G
 Pre-touch: Disabled
 Parallel Workers: 13
 Concurrent Workers: 3
 Concurrent Refinement Workers: 13
 Periodic GC: Disabled

Heap:
 garbage-first heap   total 83968K, used 27640K [0x0000000080000000, 0x0000000100000000)
  region size 1024K, 17 young (17408K), 12 survivors (12288K)
 Metaspace       used 29897K, committed 30400K, reserved 1114112K
  class space    used 3705K, committed 3968K, reserved 1048576K

Heap Regions: E=young(eden), S=young(survivor), O=old, HS=humongous(starts), HC=humongous(continues), CS=collection set, F=free, TAMS=top-at-mark-start, PB=parsable bottom
|   0|0x0000000080000000, 0x0000000080100000, 0x0000000080100000|100%|HS|  |TAMS 0x0000000080000000| PB 0x0000000080000000| Complete 
|   1|0x0000000080100000, 0x0000000080200000, 0x0000000080200000|100%|HC|  |TAMS 0x0000000080100000| PB 0x0000000080100000| Complete 
|   2|0x0000000080200000, 0x0000000080300000, 0x0000000080300000|100%|HC|  |TAMS 0x0000000080200000| PB 0x0000000080200000| Complete 
|   3|0x0000000080300000, 0x0000000080400000, 0x0000000080400000|100%|HC|  |TAMS 0x0000000080300000| PB 0x0000000080300000| Complete 
|   4|0x0000000080400000, 0x0000000080500000, 0x0000000080500000|100%| O|Cm|TAMS 0x0000000080400000| PB 0x0000000080400000| Complete 
|   5|0x0000000080500000, 0x0000000080600000, 0x0000000080600000|100%| O|  |TAMS 0x0000000080500000| PB 0x0000000080500000| Untracked 
|   6|0x0000000080600000, 0x0000000080700000, 0x0000000080700000|100%| O|  |TAMS 0x0000000080600000| PB 0x0000000080600000| Untracked 
|   7|0x0000000080700000, 0x0000000080800000, 0x0000000080800000|100%|HS|  |TAMS 0x0000000080700000| PB 0x0000000080700000| Complete 
|   8|0x0000000080800000, 0x0000000080900000, 0x0000000080900000|100%| O|  |TAMS 0x0000000080800000| PB 0x0000000080800000| Untracked 
|   9|0x0000000080900000, 0x0000000080a00000, 0x0000000080a00000|100%| O|  |TAMS 0x0000000080900000| PB 0x0000000080900000| Untracked 
|  10|0x0000000080a00000, 0x0000000080b00000, 0x0000000080b00000|100%| O|  |TAMS 0x0000000080a00000| PB 0x0000000080a00000| Untracked 
|  11|0x0000000080b00000, 0x0000000080be4a78, 0x0000000080c00000| 89%| O|  |TAMS 0x0000000080b00000| PB 0x0000000080b00000| Untracked 
|  12|0x0000000080c00000, 0x0000000080c00000, 0x0000000080d00000|  0%| F|  |TAMS 0x0000000080c00000| PB 0x0000000080c00000| Untracked 
|  13|0x0000000080d00000, 0x0000000080d00000, 0x0000000080e00000|  0%| F|  |TAMS 0x0000000080d00000| PB 0x0000000080d00000| Untracked 
|  14|0x0000000080e00000, 0x0000000080e00000, 0x0000000080f00000|  0%| F|  |TAMS 0x0000000080e00000| PB 0x0000000080e00000| Untracked 
|  15|0x0000000080f00000, 0x0000000080f00000, 0x0000000081000000|  0%| F|  |TAMS 0x0000000080f00000| PB 0x0000000080f00000| Untracked 
|  16|0x0000000081000000, 0x0000000081000000, 0x0000000081100000|  0%| F|  |TAMS 0x0000000081000000| PB 0x0000000081000000| Untracked 
|  17|0x0000000081100000, 0x0000000081100000, 0x0000000081200000|  0%| F|  |TAMS 0x0000000081100000| PB 0x0000000081100000| Untracked 
|  18|0x0000000081200000, 0x0000000081200000, 0x0000000081300000|  0%| F|  |TAMS 0x0000000081200000| PB 0x0000000081200000| Untracked 
|  19|0x0000000081300000, 0x0000000081300000, 0x0000000081400000|  0%| F|  |TAMS 0x0000000081300000| PB 0x0000000081300000| Untracked 
|  20|0x0000000081400000, 0x0000000081400000, 0x0000000081500000|  0%| F|  |TAMS 0x0000000081400000| PB 0x0000000081400000| Untracked 
|  21|0x0000000081500000, 0x0000000081500000, 0x0000000081600000|  0%| F|  |TAMS 0x0000000081500000| PB 0x0000000081500000| Untracked 
|  22|0x0000000081600000, 0x0000000081600000, 0x0000000081700000|  0%| F|  |TAMS 0x0000000081600000| PB 0x0000000081600000| Untracked 
|  23|0x0000000081700000, 0x0000000081700000, 0x0000000081800000|  0%| F|  |TAMS 0x0000000081700000| PB 0x0000000081700000| Untracked 
|  24|0x0000000081800000, 0x0000000081800000, 0x0000000081900000|  0%| F|  |TAMS 0x0000000081800000| PB 0x0000000081800000| Untracked 
|  25|0x0000000081900000, 0x0000000081900000, 0x0000000081a00000|  0%| F|  |TAMS 0x0000000081900000| PB 0x0000000081900000| Untracked 
|  26|0x0000000081a00000, 0x0000000081a00000, 0x0000000081b00000|  0%| F|  |TAMS 0x0000000081a00000| PB 0x0000000081a00000| Untracked 
|  27|0x0000000081b00000, 0x0000000081b00000, 0x0000000081c00000|  0%| F|  |TAMS 0x0000000081b00000| PB 0x0000000081b00000| Untracked 
|  28|0x0000000081c00000, 0x0000000081c00000, 0x0000000081d00000|  0%| F|  |TAMS 0x0000000081c00000| PB 0x0000000081c00000| Untracked 
|  29|0x0000000081d00000, 0x0000000081d00000, 0x0000000081e00000|  0%| F|  |TAMS 0x0000000081d00000| PB 0x0000000081d00000| Untracked 
|  30|0x0000000081e00000, 0x0000000081e00000, 0x0000000081f00000|  0%| F|  |TAMS 0x0000000081e00000| PB 0x0000000081e00000| Untracked 
|  31|0x0000000081f00000, 0x0000000081f00000, 0x0000000082000000|  0%| F|  |TAMS 0x0000000081f00000| PB 0x0000000081f00000| Untracked 
|  32|0x0000000082000000, 0x0000000082000000, 0x0000000082100000|  0%| F|  |TAMS 0x0000000082000000| PB 0x0000000082000000| Untracked 
|  33|0x0000000082100000, 0x0000000082100000, 0x0000000082200000|  0%| F|  |TAMS 0x0000000082100000| PB 0x0000000082100000| Untracked 
|  34|0x0000000082200000, 0x0000000082200000, 0x0000000082300000|  0%| F|  |TAMS 0x0000000082200000| PB 0x0000000082200000| Untracked 
|  35|0x0000000082300000, 0x0000000082300000, 0x0000000082400000|  0%| F|  |TAMS 0x0000000082300000| PB 0x0000000082300000| Untracked 
|  36|0x0000000082400000, 0x0000000082400000, 0x0000000082500000|  0%| F|  |TAMS 0x0000000082400000| PB 0x0000000082400000| Untracked 
|  37|0x0000000082500000, 0x0000000082500000, 0x0000000082600000|  0%| F|  |TAMS 0x0000000082500000| PB 0x0000000082500000| Untracked 
|  38|0x0000000082600000, 0x0000000082600000, 0x0000000082700000|  0%| F|  |TAMS 0x0000000082600000| PB 0x0000000082600000| Untracked 
|  39|0x0000000082700000, 0x0000000082700000, 0x0000000082800000|  0%| F|  |TAMS 0x0000000082700000| PB 0x0000000082700000| Untracked 
|  40|0x0000000082800000, 0x0000000082800000, 0x0000000082900000|  0%| F|  |TAMS 0x0000000082800000| PB 0x0000000082800000| Untracked 
|  41|0x0000000082900000, 0x0000000082900000, 0x0000000082a00000|  0%| F|  |TAMS 0x0000000082900000| PB 0x0000000082900000| Untracked 
|  42|0x0000000082a00000, 0x0000000082a00000, 0x0000000082b00000|  0%| F|  |TAMS 0x0000000082a00000| PB 0x0000000082a00000| Untracked 
|  43|0x0000000082b00000, 0x0000000082b00000, 0x0000000082c00000|  0%| F|  |TAMS 0x0000000082b00000| PB 0x0000000082b00000| Untracked 
|  44|0x0000000082c00000, 0x0000000082c00000, 0x0000000082d00000|  0%| F|  |TAMS 0x0000000082c00000| PB 0x0000000082c00000| Untracked 
|  45|0x0000000082d00000, 0x0000000082d00000, 0x0000000082e00000|  0%| F|  |TAMS 0x0000000082d00000| PB 0x0000000082d00000| Untracked 
|  46|0x0000000082e00000, 0x0000000082e00000, 0x0000000082f00000|  0%| F|  |TAMS 0x0000000082e00000| PB 0x0000000082e00000| Untracked 
|  47|0x0000000082f00000, 0x0000000082f00000, 0x0000000083000000|  0%| F|  |TAMS 0x0000000082f00000| PB 0x0000000082f00000| Untracked 
|  48|0x0000000083000000, 0x0000000083000000, 0x0000000083100000|  0%| F|  |TAMS 0x0000000083000000| PB 0x0000000083000000| Untracked 
|  49|0x0000000083100000, 0x0000000083100000, 0x0000000083200000|  0%| F|  |TAMS 0x0000000083100000| PB 0x0000000083100000| Untracked 
|  50|0x0000000083200000, 0x0000000083200000, 0x0000000083300000|  0%| F|  |TAMS 0x0000000083200000| PB 0x0000000083200000| Untracked 
|  51|0x0000000083300000, 0x0000000083300000, 0x0000000083400000|  0%| F|  |TAMS 0x0000000083300000| PB 0x0000000083300000| Untracked 
|  52|0x0000000083400000, 0x0000000083400000, 0x0000000083500000|  0%| F|  |TAMS 0x0000000083400000| PB 0x0000000083400000| Untracked 
|  53|0x0000000083500000, 0x0000000083500000, 0x0000000083600000|  0%| F|  |TAMS 0x0000000083500000| PB 0x0000000083500000| Untracked 
|  54|0x0000000083600000, 0x0000000083600000, 0x0000000083700000|  0%| F|  |TAMS 0x0000000083600000| PB 0x0000000083600000| Untracked 
|  55|0x0000000083700000, 0x0000000083700000, 0x0000000083800000|  0%| F|  |TAMS 0x0000000083700000| PB 0x0000000083700000| Untracked 
|  56|0x0000000083800000, 0x0000000083800000, 0x0000000083900000|  0%| F|  |TAMS 0x0000000083800000| PB 0x0000000083800000| Untracked 
|  57|0x0000000083900000, 0x0000000083900000, 0x0000000083a00000|  0%| F|  |TAMS 0x0000000083900000| PB 0x0000000083900000| Untracked 
|  58|0x0000000083a00000, 0x0000000083a00000, 0x0000000083b00000|  0%| F|  |TAMS 0x0000000083a00000| PB 0x0000000083a00000| Untracked 
|  59|0x0000000083b00000, 0x0000000083b00000, 0x0000000083c00000|  0%| F|  |TAMS 0x0000000083b00000| PB 0x0000000083b00000| Untracked 
|  60|0x0000000083c00000, 0x0000000083d00000, 0x0000000083d00000|100%| S|CS|TAMS 0x0000000083c00000| PB 0x0000000083c00000| Complete 
|  61|0x0000000083d00000, 0x0000000083e00000, 0x0000000083e00000|100%| S|CS|TAMS 0x0000000083d00000| PB 0x0000000083d00000| Complete 
|  62|0x0000000083e00000, 0x0000000083f00000, 0x0000000083f00000|100%| S|CS|TAMS 0x0000000083e00000| PB 0x0000000083e00000| Complete 
|  63|0x0000000083f00000, 0x0000000084000000, 0x0000000084000000|100%| S|CS|TAMS 0x0000000083f00000| PB 0x0000000083f00000| Complete 
|  64|0x0000000084000000, 0x0000000084100000, 0x0000000084100000|100%| S|CS|TAMS 0x0000000084000000| PB 0x0000000084000000| Complete 
|  65|0x0000000084100000, 0x0000000084200000, 0x0000000084200000|100%| S|CS|TAMS 0x0000000084100000| PB 0x0000000084100000| Complete 
|  66|0x0000000084200000, 0x0000000084300000, 0x0000000084300000|100%| S|CS|TAMS 0x0000000084200000| PB 0x0000000084200000| Complete 
|  67|0x0000000084300000, 0x0000000084400000, 0x0000000084400000|100%| S|CS|TAMS 0x0000000084300000| PB 0x0000000084300000| Complete 
|  68|0x0000000084400000, 0x0000000084500000, 0x0000000084500000|100%| S|CS|TAMS 0x0000000084400000| PB 0x0000000084400000| Complete 
|  69|0x0000000084500000, 0x0000000084600000, 0x0000000084600000|100%| S|CS|TAMS 0x0000000084500000| PB 0x0000000084500000| Complete 
|  70|0x0000000084600000, 0x0000000084700000, 0x0000000084700000|100%| S|CS|TAMS 0x0000000084600000| PB 0x0000000084600000| Complete 
|  71|0x0000000084700000, 0x00000000847198e8, 0x0000000084800000|  9%| S|CS|TAMS 0x0000000084700000| PB 0x0000000084700000| Complete 
| 241|0x000000008f100000, 0x000000008f100000, 0x000000008f200000|  0%| F|  |TAMS 0x000000008f100000| PB 0x000000008f100000| Untracked 
| 242|0x000000008f200000, 0x000000008f200000, 0x000000008f300000|  0%| F|  |TAMS 0x000000008f200000| PB 0x000000008f200000| Untracked 
| 243|0x000000008f300000, 0x000000008f300000, 0x000000008f400000|  0%| F|  |TAMS 0x000000008f300000| PB 0x000000008f300000| Untracked 
| 244|0x000000008f400000, 0x000000008f400000, 0x000000008f500000|  0%| F|  |TAMS 0x000000008f400000| PB 0x000000008f400000| Untracked 
| 245|0x000000008f500000, 0x000000008f500000, 0x000000008f600000|  0%| F|  |TAMS 0x000000008f500000| PB 0x000000008f500000| Untracked 
| 246|0x000000008f600000, 0x000000008f678fc0, 0x000000008f700000| 47%| E|  |TAMS 0x000000008f600000| PB 0x000000008f600000| Complete 
| 247|0x000000008f700000, 0x000000008f800000, 0x000000008f800000|100%| E|CS|TAMS 0x000000008f700000| PB 0x000000008f700000| Complete 
| 248|0x000000008f800000, 0x000000008f900000, 0x000000008f900000|100%| E|CS|TAMS 0x000000008f800000| PB 0x000000008f800000| Complete 
| 249|0x000000008f900000, 0x000000008fa00000, 0x000000008fa00000|100%| E|CS|TAMS 0x000000008f900000| PB 0x000000008f900000| Complete 
| 251|0x000000008fb00000, 0x000000008fc00000, 0x000000008fc00000|100%| E|CS|TAMS 0x000000008fb00000| PB 0x000000008fb00000| Complete 

Card table byte_map: [0x000001f88f620000,0x000001f88fa20000] _byte_map_base: 0x000001f88f220000

Marking Bits: (CMBitMap*) 0x000001f8fc8a12f0
 Bits: [0x000001f88fa20000, 0x000001f891a20000)

Polling page: 0x000001f8fa610000

Metaspace:

Usage:
  Non-class:     25.59 MB used.
      Class:      3.62 MB used.
       Both:     29.21 MB used.

Virtual space:
  Non-class space:       64.00 MB reserved,      25.88 MB ( 40%) committed,  1 nodes.
      Class space:        1.00 GB reserved,       3.88 MB ( <1%) committed,  1 nodes.
             Both:        1.06 GB reserved,      29.75 MB (  3%) committed. 

Chunk freelists:
   Non-Class:  5.92 MB
       Class:  11.98 MB
        Both:  17.91 MB

MaxMetaspaceSize: unlimited
CompressedClassSpaceSize: 1.00 GB
Initial GC threshold: 21.00 MB
Current GC threshold: 35.12 MB
CDS: off
 - commit_granule_bytes: 65536.
 - commit_granule_words: 8192.
 - virtual_space_node_default_size: 8388608.
 - enlarge_chunks_in_place: 1.
 - use_allocation_guard: 0.


Internal statistics:

num_allocs_failed_limit: 3.
num_arena_births: 646.
num_arena_deaths: 0.
num_vsnodes_births: 2.
num_vsnodes_deaths: 0.
num_space_committed: 476.
num_space_uncommitted: 0.
num_chunks_returned_to_freelist: 3.
num_chunks_taken_from_freelist: 1407.
num_chunk_merges: 0.
num_chunk_splits: 921.
num_chunks_enlarged: 626.
num_inconsistent_stats: 0.

CodeHeap 'non-profiled nmethods': size=119168Kb used=2110Kb max_used=2110Kb free=117057Kb
 bounds [0x000001f887ba0000, 0x000001f887e10000, 0x000001f88f000000]
CodeHeap 'profiled nmethods': size=119104Kb used=6635Kb max_used=6635Kb free=112468Kb
 bounds [0x000001f880000000, 0x000001f880680000, 0x000001f887450000]
CodeHeap 'non-nmethods': size=7488Kb used=1969Kb max_used=3085Kb free=5518Kb
 bounds [0x000001f887450000, 0x000001f887760000, 0x000001f887ba0000]
CodeCache: size=245760Kb, used=10714Kb, max_used=11830Kb, free=235043Kb
 total_blobs=3912, nmethods=3330, adapters=485, full_count=0
Compilation: enabled, stopped_count=0, restarted_count=0

Compilation events (20 events):
Event: 4.085 Thread 0x000001f894c57b90 nmethod 3318 0x000001f880677990 code [0x000001f880677b80, 0x000001f880677f98]
Event: 4.085 Thread 0x000001f894c58930 nmethod 3317 0x000001f880678110 code [0x000001f880678320, 0x000001f880678880]
Event: 4.085 Thread 0x000001f894c57b90 3320       3       org.gradle.internal.service.DefaultServiceRegistry$CollectingVisitor::visit (25 bytes)
Event: 4.085 Thread 0x000001f894c56df0 nmethod 3321 0x000001f880678a10 code [0x000001f880678bc0, 0x000001f880678f18]
Event: 4.085 Thread 0x000001f894c57b90 nmethod 3320 0x000001f880679090 code [0x000001f880679260, 0x000001f880679530]
Event: 4.086 Thread 0x000001f894c58930 3322       3       java.lang.invoke.LambdaFormBuffer::insertParameter (30 bytes)
Event: 4.086 Thread 0x000001f894c58930 nmethod 3322 0x000001f880679610 code [0x000001f8806797c0, 0x000001f880679918]
Event: 4.086 Thread 0x000001f894c45940 nmethod 3319 0x000001f887dab990 code [0x000001f887dabb20, 0x000001f887dabc80]
Event: 4.088 Thread 0x000001f894c45940 3323   !   4       java.util.concurrent.ConcurrentHashMap::transfer (849 bytes)
Event: 4.102 Thread 0x000001f894c45940 nmethod 3323 0x000001f887dabd90 code [0x000001f887dabfc0, 0x000001f887dad6a0]
Event: 4.320 Thread 0x000001f894c56df0 3325       3       jdk.internal.misc.Unsafe::putReferenceOpaque (9 bytes)
Event: 4.321 Thread 0x000001f894c56df0 nmethod 3325 0x000001f880679a10 code [0x000001f880679ba0, 0x000001f880679d00]
Event: 4.382 Thread 0x000001f894c58930 3326       3       java.util.concurrent.locks.LockSupport::setBlocker (12 bytes)
Event: 4.382 Thread 0x000001f894c58930 nmethod 3326 0x000001f880679d90 code [0x000001f880679f40, 0x000001f88067a138]
Event: 4.398 Thread 0x000001f894c58930 3327       3       java.util.concurrent.locks.AbstractQueuedSynchronizer$ConditionObject::canReacquire (38 bytes)
Event: 4.398 Thread 0x000001f894c58930 nmethod 3327 0x000001f88067a210 code [0x000001f88067a3e0, 0x000001f88067a728]
Event: 4.523 Thread 0x000001f894c56df0 3329       3       java.lang.Thread::isVirtual (5 bytes)
Event: 4.523 Thread 0x000001f894c56df0 nmethod 3329 0x000001f88067a890 code [0x000001f88067aa40, 0x000001f88067ac30]
Event: 4.616 Thread 0x000001f894c58930 3330       1       org.gradle.launcher.daemon.server.exec.DaemonConnectionBackedEventConsumer::access$000 (5 bytes)
Event: 4.616 Thread 0x000001f894c58930 nmethod 3330 0x000001f887dae690 code [0x000001f887dae820, 0x000001f887dae8d0]

GC Heap History (10 events):
Event: 0.237 GC heap before
{Heap before GC invocations=0 (full 0):
 garbage-first heap   total 258048K, used 23552K [0x0000000080000000, 0x0000000100000000)
  region size 1024K, 23 young (23552K), 0 survivors (0K)
 Metaspace       used 7882K, committed 8000K, reserved 1114112K
  class space    used 734K, committed 768K, reserved 1048576K
}
Event: 0.239 GC heap after
{Heap after GC invocations=1 (full 0):
 garbage-first heap   total 258048K, used 1439K [0x0000000080000000, 0x0000000100000000)
  region size 1024K, 2 young (2048K), 2 survivors (2048K)
 Metaspace       used 7882K, committed 8000K, reserved 1114112K
  class space    used 734K, committed 768K, reserved 1048576K
}
Event: 0.542 GC heap before
{Heap before GC invocations=1 (full 0):
 garbage-first heap   total 258048K, used 42399K [0x0000000080000000, 0x0000000100000000)
  region size 1024K, 39 young (39936K), 2 survivors (2048K)
 Metaspace       used 11780K, committed 11968K, reserved 1114112K
  class space    used 1257K, committed 1344K, reserved 1048576K
}
Event: 0.545 GC heap after
{Heap after GC invocations=2 (full 0):
 garbage-first heap   total 258048K, used 11296K [0x0000000080000000, 0x0000000100000000)
  region size 1024K, 5 young (5120K), 5 survivors (5120K)
 Metaspace       used 11780K, committed 11968K, reserved 1114112K
  class space    used 1257K, committed 1344K, reserved 1048576K
}
Event: 1.510 GC heap before
{Heap before GC invocations=2 (full 0):
 garbage-first heap   total 258048K, used 162848K [0x0000000080000000, 0x0000000100000000)
  region size 1024K, 151 young (154624K), 5 survivors (5120K)
 Metaspace       used 21163K, committed 21440K, reserved 1114112K
  class space    used 2463K, committed 2624K, reserved 1048576K
}
Event: 1.514 GC heap after
{Heap after GC invocations=3 (full 0):
 garbage-first heap   total 258048K, used 21496K [0x0000000080000000, 0x0000000100000000)
  region size 1024K, 14 young (14336K), 14 survivors (14336K)
 Metaspace       used 21163K, committed 21440K, reserved 1114112K
  class space    used 2463K, committed 2624K, reserved 1048576K
}
Event: 1.515 GC heap before
{Heap before GC invocations=3 (full 0):
 garbage-first heap   total 258048K, used 22520K [0x0000000080000000, 0x0000000100000000)
  region size 1024K, 16 young (16384K), 14 survivors (14336K)
 Metaspace       used 21170K, committed 21504K, reserved 1114112K
  class space    used 2463K, committed 2624K, reserved 1048576K
}
Event: 1.518 GC heap after
{Heap after GC invocations=4 (full 0):
 garbage-first heap   total 258048K, used 21394K [0x0000000080000000, 0x0000000100000000)
  region size 1024K, 9 young (9216K), 9 survivors (9216K)
 Metaspace       used 21170K, committed 21504K, reserved 1114112K
  class space    used 2463K, committed 2624K, reserved 1048576K
}
Event: 4.091 GC heap before
{Heap before GC invocations=5 (full 0):
 garbage-first heap   total 71680K, used 70546K [0x0000000080000000, 0x0000000100000000)
  region size 1024K, 56 young (57344K), 9 survivors (9216K)
 Metaspace       used 29535K, committed 30080K, reserved 1114112K
  class space    used 3640K, committed 3904K, reserved 1048576K
}
Event: 4.095 GC heap after
{Heap after GC invocations=6 (full 0):
 garbage-first heap   total 83968K, used 23544K [0x0000000080000000, 0x0000000100000000)
  region size 1024K, 12 young (12288K), 12 survivors (12288K)
 Metaspace       used 29535K, committed 30080K, reserved 1114112K
  class space    used 3640K, committed 3904K, reserved 1048576K
}

Dll operation events (3 events):
Event: 0.005 Loaded shared library D:\Program Files\jbr\bin\java.dll
Event: 0.009 Loaded shared library D:\Program Files\jbr\bin\zip.dll
Event: 0.412 Loaded shared library D:\Program Files\jbr\bin\verify.dll

Deoptimization events (20 events):
Event: 1.868 Thread 0x000001f89bbcbf90 Uncommon trap: trap_request=0xffffff45 fr.pc=0x000001f887be042c relative=0x0000000000000d2c
Event: 1.868 Thread 0x000001f89bbcbf90 Uncommon trap: reason=unstable_if action=reinterpret pc=0x000001f887be042c method=java.io.WinNTFileSystem.resolve(Ljava/lang/String;Ljava/lang/String;)Ljava/lang/String; @ 19 c2
Event: 1.868 Thread 0x000001f89bbcbf90 DEOPT PACKING pc=0x000001f887be042c sp=0x000000c80f9fb600
Event: 1.868 Thread 0x000001f89bbcbf90 DEOPT UNPACKING pc=0x000001f8874a43a2 sp=0x000000c80f9fb598 mode 2
Event: 1.869 Thread 0x000001f89bbcbf90 Uncommon trap: trap_request=0xffffff45 fr.pc=0x000001f887bf67ec relative=0x000000000000058c
Event: 1.869 Thread 0x000001f89bbcbf90 Uncommon trap: reason=unstable_if action=reinterpret pc=0x000001f887bf67ec method=java.io.File.getName()Ljava/lang/String; @ 16 c2
Event: 1.869 Thread 0x000001f89bbcbf90 DEOPT PACKING pc=0x000001f887bf67ec sp=0x000000c80f9fb580
Event: 1.869 Thread 0x000001f89bbcbf90 DEOPT UNPACKING pc=0x000001f8874a43a2 sp=0x000000c80f9fb550 mode 2
Event: 2.902 Thread 0x000001f89b9cc3c0 Uncommon trap: trap_request=0xffffff45 fr.pc=0x000001f887d03bdc relative=0x0000000000000c7c
Event: 2.902 Thread 0x000001f89b9cc3c0 Uncommon trap: reason=unstable_if action=reinterpret pc=0x000001f887d03bdc method=sun.nio.ch.Util$BufferCache.get(I)Ljava/nio/ByteBuffer; @ 25 c2
Event: 2.902 Thread 0x000001f89b9cc3c0 DEOPT PACKING pc=0x000001f887d03bdc sp=0x000000c80e8fdf30
Event: 2.902 Thread 0x000001f89b9cc3c0 DEOPT UNPACKING pc=0x000001f8874a43a2 sp=0x000000c80e8fdd50 mode 2
Event: 3.961 Thread 0x000001f89bbcbf90 Uncommon trap: trap_request=0xffffff45 fr.pc=0x000001f887beeb90 relative=0x00000000000000f0
Event: 3.961 Thread 0x000001f89bbcbf90 Uncommon trap: reason=unstable_if action=reinterpret pc=0x000001f887beeb90 method=java.util.HashMap.hash(Ljava/lang/Object;)I @ 1 c2
Event: 3.961 Thread 0x000001f89bbcbf90 DEOPT PACKING pc=0x000001f887beeb90 sp=0x000000c80f9fc3b0
Event: 3.961 Thread 0x000001f89bbcbf90 DEOPT UNPACKING pc=0x000001f8874a43a2 sp=0x000000c80f9fc2f0 mode 2
Event: 4.006 Thread 0x000001f89bbcbf90 DEOPT PACKING pc=0x000001f880548081 sp=0x000000c80f9fc670
Event: 4.006 Thread 0x000001f89bbcbf90 DEOPT UNPACKING pc=0x000001f8874a4b42 sp=0x000000c80f9fbb80 mode 0
Event: 4.088 Thread 0x000001f89bbcbf90 DEOPT PACKING pc=0x000001f8805480a2 sp=0x000000c80f9f8530
Event: 4.088 Thread 0x000001f89bbcbf90 DEOPT UNPACKING pc=0x000001f8874a4b42 sp=0x000000c80f9f7a40 mode 0

Classes loaded (20 events):
Event: 4.000 Loading class java/lang/invoke/BoundMethodHandle$Species_LLLLLLLLLLLLLLL
Event: 4.000 Loading class java/lang/invoke/BoundMethodHandle$Species_LLLLLLLLLLLLLLL done
Event: 4.001 Loading class java/lang/invoke/BoundMethodHandle$Species_LLLLLLLLLLLLLLLL
Event: 4.001 Loading class java/lang/invoke/BoundMethodHandle$Species_LLLLLLLLLLLLLLLL done
Event: 4.002 Loading class java/lang/invoke/BoundMethodHandle$Species_LLLLLLLLLLLLLLLLL
Event: 4.002 Loading class java/lang/invoke/BoundMethodHandle$Species_LLLLLLLLLLLLLLLLL done
Event: 4.002 Loading class java/lang/invoke/BoundMethodHandle$Species_LLLLLLLLLLLLLLLLLL
Event: 4.002 Loading class java/lang/invoke/BoundMethodHandle$Species_LLLLLLLLLLLLLLLLLL done
Event: 4.003 Loading class java/lang/invoke/BoundMethodHandle$Species_LLLLLLLLLLLLLLLLLLL
Event: 4.003 Loading class java/lang/invoke/BoundMethodHandle$Species_LLLLLLLLLLLLLLLLLLL done
Event: 4.004 Loading class java/lang/invoke/BoundMethodHandle$Species_LLLLLLLLLLLLLLLLLLLL
Event: 4.004 Loading class java/lang/invoke/BoundMethodHandle$Species_LLLLLLLLLLLLLLLLLLLL done
Event: 4.005 Loading class java/lang/invoke/BoundMethodHandle$Species_LLLLLLLLLLLLLLLLLLLLL
Event: 4.005 Loading class java/lang/invoke/BoundMethodHandle$Species_LLLLLLLLLLLLLLLLLLLLL done
Event: 4.005 Loading class java/lang/invoke/BoundMethodHandle$Species_LLLLLLLLLLLLLLLLLLLLLL
Event: 4.005 Loading class java/lang/invoke/BoundMethodHandle$Species_LLLLLLLLLLLLLLLLLLLLLL done
Event: 4.006 Loading class java/lang/invoke/BoundMethodHandle$Species_LLLLLLLLLLLLLLLLLLLLLLL
Event: 4.006 Loading class java/lang/invoke/BoundMethodHandle$Species_LLLLLLLLLLLLLLLLLLLLLLL done
Event: 4.033 Loading class java/util/Collections$2
Event: 4.033 Loading class java/util/Collections$2 done

Classes unloaded (0 events):
No events

Classes redefined (0 events):
No events

Internal exceptions (20 events):
Event: 1.866 Thread 0x000001f89bbcbf90 Exception <a 'java/lang/NoSuchMethodError'{0x0000000081e72dd0}: 'java.lang.Object java.lang.invoke.DirectMethodHandle$Holder.invokeVirtual(java.lang.Object, java.lang.Object, java.lang.Object, java.lang.Object, java.lang.Object, java.lang.Object, java.lang.Object, java.lang.Object, java.lang.Object, java.lang.Object)'> (0x0000000081e72dd0) 
thrown [s\src\hotspot\share\interpreter\linkResolver.cpp, line 784]
Event: 1.869 Thread 0x000001f89bbcbf90 Exception <a 'sun/nio/fs/WindowsException'{0x0000000081eac218}> (0x0000000081eac218) 
thrown [s\src\hotspot\share\prims\jni.cpp, line 537]
Event: 1.875 Thread 0x000001f89bbcbf90 Exception <a 'java/lang/NoSuchMethodError'{0x0000000081d08980}: 'void java.lang.invoke.DirectMethodHandle$Holder.invokeStatic(java.lang.Object, java.lang.Object, java.lang.Object, java.lang.Object)'> (0x0000000081d08980) 
thrown [s\src\hotspot\share\interpreter\linkResolver.cpp, line 784]
Event: 1.875 Thread 0x000001f89bbcbf90 Exception <a 'java/lang/NoSuchMethodError'{0x0000000081d0c738}: 'void java.lang.invoke.DirectMethodHandle$Holder.invokeStaticInit(java.lang.Object, java.lang.Object, java.lang.Object, java.lang.Object)'> (0x0000000081d0c738) 
thrown [s\src\hotspot\share\interpreter\linkResolver.cpp, line 784]
Event: 2.911 Thread 0x000001f89bbcbf90 Exception <a 'java/lang/NoSuchMethodError'{0x0000000081c79ee8}: 'int java.lang.invoke.DirectMethodHandle$Holder.invokeSpecialIFC(java.lang.Object, java.lang.Object, java.lang.Object, java.lang.Object)'> (0x0000000081c79ee8) 
thrown [s\src\hotspot\share\interpreter\linkResolver.cpp, line 784]
Event: 2.912 Thread 0x000001f89bbcbf90 Exception <a 'java/lang/IncompatibleClassChangeError'{0x0000000081c87340}: Found class java.lang.Object, but interface was expected> (0x0000000081c87340) 
thrown [s\src\hotspot\share\interpreter\linkResolver.cpp, line 851]
Event: 3.961 Thread 0x000001f89bbcbf90 Implicit null exception at 0x000001f887beeae6 to 0x000001f887beeb86
Event: 3.997 Thread 0x000001f89bbcbf90 Exception <a 'java/lang/NoSuchMethodError'{0x000000008188cde0}: 'java.lang.Object java.lang.invoke.DelegatingMethodHandle$Holder.reinvoke_L(java.lang.Object, java.lang.Object, java.lang.Object, java.lang.Object, java.lang.Object, java.lang.Object, java.lang.Object, java.lang.Object, java.lang.Object, java.lang.Object, java.lang.Object, java.lang.Object, java.lang.Object, java.lang.Object, java.lang.Object, java.lang.Object, java.lang.Object, java.lang.Object, java.lang.Object, java.lang.Object, java.lang.O
Event: 3.999 Thread 0x000001f89bbcbf90 Exception <a 'java/lang/NoSuchMethodError'{0x00000000818fb718}: 'java.lang.Object java.lang.invoke.DirectMethodHandle$Holder.invokeStatic(java.lang.Object, java.lang.Object, java.lang.Object, java.lang.Object, java.lang.Object, java.lang.Object, java.lang.Object, java.lang.Object, java.lang.Object, java.lang.Object, java.lang.Object, java.lang.Object, java.lang.Object, java.lang.Object, java.lang.Object, java.lang.Object, java.lang.Object)'> (0x00000000818fb718) 
thrown [s\src\hotspot\share\interpreter\lin
Event: 4.000 Thread 0x000001f89bbcbf90 Exception <a 'java/lang/NoSuchMethodError'{0x00000000817248f0}: 'java.lang.Object java.lang.invoke.DirectMethodHandle$Holder.invokeStatic(java.lang.Object, java.lang.Object, java.lang.Object, java.lang.Object, java.lang.Object, java.lang.Object, java.lang.Object, java.lang.Object, java.lang.Object, java.lang.Object, java.lang.Object, java.lang.Object, java.lang.Object, java.lang.Object, java.lang.Object, java.lang.Object, java.lang.Object, java.lang.Object)'> (0x00000000817248f0) 
thrown [s\src\hotspot\sha
Event: 4.001 Thread 0x000001f89bbcbf90 Exception <a 'java/lang/NoSuchMethodError'{0x000000008174e980}: 'java.lang.Object java.lang.invoke.DirectMethodHandle$Holder.invokeStatic(java.lang.Object, java.lang.Object, java.lang.Object, java.lang.Object, java.lang.Object, java.lang.Object, java.lang.Object, java.lang.Object, java.lang.Object, java.lang.Object, java.lang.Object, java.lang.Object, java.lang.Object, java.lang.Object, java.lang.Object, java.lang.Object, java.lang.Object, java.lang.Object, java.lang.Object)'> (0x000000008174e980) 
thrown 
Event: 4.002 Thread 0x000001f89bbcbf90 Exception <a 'java/lang/NoSuchMethodError'{0x000000008177a0b0}: 'java.lang.Object java.lang.invoke.DirectMethodHandle$Holder.invokeStatic(java.lang.Object, java.lang.Object, java.lang.Object, java.lang.Object, java.lang.Object, java.lang.Object, java.lang.Object, java.lang.Object, java.lang.Object, java.lang.Object, java.lang.Object, java.lang.Object, java.lang.Object, java.lang.Object, java.lang.Object, java.lang.Object, java.lang.Object, java.lang.Object, java.lang.Object, java.lang.Object)'> (0x00000000
Event: 4.003 Thread 0x000001f89bbcbf90 Exception <a 'java/lang/NoSuchMethodError'{0x00000000817a67b0}: 'java.lang.Object java.lang.invoke.DirectMethodHandle$Holder.invokeStatic(java.lang.Object, java.lang.Object, java.lang.Object, java.lang.Object, java.lang.Object, java.lang.Object, java.lang.Object, java.lang.Object, java.lang.Object, java.lang.Object, java.lang.Object, java.lang.Object, java.lang.Object, java.lang.Object, java.lang.Object, java.lang.Object, java.lang.Object, java.lang.Object, java.lang.Object, java.lang.Object, java.lang.Obj
Event: 4.003 Thread 0x000001f89bbcbf90 Exception <a 'java/lang/NoSuchMethodError'{0x00000000817d3f90}: 'java.lang.Object java.lang.invoke.DirectMethodHandle$Holder.invokeStatic(java.lang.Object, java.lang.Object, java.lang.Object, java.lang.Object, java.lang.Object, java.lang.Object, java.lang.Object, java.lang.Object, java.lang.Object, java.lang.Object, java.lang.Object, java.lang.Object, java.lang.Object, java.lang.Object, java.lang.Object, java.lang.Object, java.lang.Object, java.lang.Object, java.lang.Object, java.lang.Object, java.lang.Obj
Event: 4.004 Thread 0x000001f89bbcbf90 Exception <a 'java/lang/NoSuchMethodError'{0x00000000816028f0}: 'java.lang.Object java.lang.invoke.DirectMethodHandle$Holder.invokeStatic(java.lang.Object, java.lang.Object, java.lang.Object, java.lang.Object, java.lang.Object, java.lang.Object, java.lang.Object, java.lang.Object, java.lang.Object, java.lang.Object, java.lang.Object, java.lang.Object, java.lang.Object, java.lang.Object, java.lang.Object, java.lang.Object, java.lang.Object, java.lang.Object, java.lang.Object, java.lang.Object, java.lang.Obj
Event: 4.005 Thread 0x000001f89bbcbf90 Exception <a 'java/lang/NoSuchMethodError'{0x0000000081631b58}: 'java.lang.Object java.lang.invoke.DirectMethodHandle$Holder.invokeStatic(java.lang.Object, java.lang.Object, java.lang.Object, java.lang.Object, java.lang.Object, java.lang.Object, java.lang.Object, java.lang.Object, java.lang.Object, java.lang.Object, java.lang.Object, java.lang.Object, java.lang.Object, java.lang.Object, java.lang.Object, java.lang.Object, java.lang.Object, java.lang.Object, java.lang.Object, java.lang.Object, java.lang.Obj
Event: 4.005 Thread 0x000001f89bbcbf90 Exception <a 'java/lang/NoSuchMethodError'{0x0000000081661970}: 'java.lang.Object java.lang.invoke.DirectMethodHandle$Holder.invokeStatic(java.lang.Object, java.lang.Object, java.lang.Object, java.lang.Object, java.lang.Object, java.lang.Object, java.lang.Object, java.lang.Object, java.lang.Object, java.lang.Object, java.lang.Object, java.lang.Object, java.lang.Object, java.lang.Object, java.lang.Object, java.lang.Object, java.lang.Object, java.lang.Object, java.lang.Object, java.lang.Object, java.lang.Obj
Event: 4.006 Thread 0x000001f89bbcbf90 Exception <a 'java/lang/NoSuchMethodError'{0x0000000081693350}: 'java.lang.Object java.lang.invoke.DirectMethodHandle$Holder.invokeStatic(java.lang.Object, java.lang.Object, java.lang.Object, java.lang.Object, java.lang.Object, java.lang.Object, java.lang.Object, java.lang.Object, java.lang.Object, java.lang.Object, java.lang.Object, java.lang.Object, java.lang.Object, java.lang.Object, java.lang.Object, java.lang.Object, java.lang.Object, java.lang.Object, java.lang.Object, java.lang.Object, java.lang.Obj
Event: 4.023 Thread 0x000001f89bbcbf90 Exception <a 'java/lang/IncompatibleClassChangeError'{0x00000000815cf578}: Found class java.lang.Object, but interface was expected> (0x00000000815cf578) 
thrown [s\src\hotspot\share\interpreter\linkResolver.cpp, line 851]
Event: 4.054 Thread 0x000001f89bbcbf90 Exception <a 'sun/nio/fs/WindowsException'{0x0000000081283a60}> (0x0000000081283a60) 
thrown [s\src\hotspot\share\prims\jni.cpp, line 537]

ZGC Phase Switch (0 events):
No events

VM Operations (20 events):
Event: 1.515 Executing VM operation: CollectForMetadataAllocation (Metadata GC Threshold)
Event: 1.518 Executing VM operation: CollectForMetadataAllocation (Metadata GC Threshold) done
Event: 1.520 Executing VM operation: G1PauseRemark
Event: 1.521 Executing VM operation: G1PauseRemark done
Event: 1.522 Executing VM operation: G1PauseCleanup
Event: 1.528 Executing VM operation: G1PauseCleanup done
Event: 1.815 Executing VM operation: HandshakeAllThreads (Deoptimize)
Event: 1.815 Executing VM operation: HandshakeAllThreads (Deoptimize) done
Event: 2.823 Executing VM operation: Cleanup
Event: 2.901 Executing VM operation: Cleanup done
Event: 3.913 Executing VM operation: Cleanup
Event: 3.945 Executing VM operation: Cleanup done
Event: 4.012 Executing VM operation: HandshakeAllThreads (Deoptimize)
Event: 4.012 Executing VM operation: HandshakeAllThreads (Deoptimize) done
Event: 4.013 Executing VM operation: HandshakeAllThreads (Deoptimize)
Event: 4.013 Executing VM operation: HandshakeAllThreads (Deoptimize) done
Event: 4.091 Executing VM operation: G1CollectForAllocation (G1 Evacuation Pause)
Event: 4.095 Executing VM operation: G1CollectForAllocation (G1 Evacuation Pause) done
Event: 5.097 Executing VM operation: Cleanup
Event: 5.097 Executing VM operation: Cleanup done

Memory protections (0 events):
No events

Nmethod flushes (0 events):
No events

Events (20 events):
Event: 0.443 Loaded shared library C:\Users\Admin\.gradle\native\0.2.8\x86_64-windows-gnu\gradle-fileevents.dll
Event: 0.844 Thread 0x000001f894c574c0 Thread exited: 0x000001f894c574c0
Event: 1.211 Loaded shared library D:\Program Files\jbr\bin\management.dll
Event: 1.214 Loaded shared library D:\Program Files\jbr\bin\management_ext.dll
Event: 1.238 Thread 0x000001f8fa36b130 Thread added: 0x000001f89b9cc3c0
Event: 1.304 Loaded shared library D:\Program Files\jbr\bin\extnet.dll
Event: 1.419 Thread 0x000001f8fa36b130 Thread added: 0x000001f89c020a50
Event: 1.457 Thread 0x000001f8fa36b130 Thread added: 0x000001f89adfd490
Event: 1.489 Thread 0x000001f89c020a50 Thread added: 0x000001f89bf94a20
Event: 1.492 Thread 0x000001f89bf94a20 Thread added: 0x000001f89b61cbb0
Event: 1.510 Thread 0x000001f89bf94a20 Thread added: 0x000001f89bdd5e90
Event: 1.527 Thread 0x000001f89bf94a20 Thread added: 0x000001f89bbcbf90
Event: 1.535 Thread 0x000001f89bbcbf90 Thread added: 0x000001f89bbca550
Event: 1.538 Thread 0x000001f89bbcbf90 Thread added: 0x000001f89bbcc620
Event: 1.544 Thread 0x000001f89bbcbf90 Thread added: 0x000001f89bbcccb0
Event: 1.813 Thread 0x000001f894c56720 Thread exited: 0x000001f894c56720
Event: 1.815 Thread 0x000001f89bbcbf90 Thread added: 0x000001f89bbcb270
Event: 1.820 Thread 0x000001f89bbcbf90 Thread added: 0x000001f89bbcabe0
Event: 1.856 Thread 0x000001f89bbcbf90 Thread added: 0x000001f89bbc9ec0
Event: 2.905 Thread 0x000001f894c58260 Thread exited: 0x000001f894c58260


Dynamic libraries:
0x00007ff6e8bf0000 - 0x00007ff6e8bfa000 	D:\Program Files\jbr\bin\java.exe
0x00007ff9afd20000 - 0x00007ff9aff87000 	C:\WINDOWS\SYSTEM32\ntdll.dll
0x00007ff9adc60000 - 0x00007ff9add29000 	C:\WINDOWS\System32\KERNEL32.DLL
0x00007ff9ad310000 - 0x00007ff9ad707000 	C:\WINDOWS\System32\KERNELBASE.dll
0x00007ff9ac890000 - 0x00007ff9ac9db000 	C:\WINDOWS\System32\ucrtbase.dll
0x00007ff987f30000 - 0x00007ff987f4b000 	D:\Program Files\jbr\bin\VCRUNTIME140.dll
0x00007ff844a60000 - 0x00007ff844a78000 	D:\Program Files\jbr\bin\jli.dll
0x00007ff9adef0000 - 0x00007ff9ae0b6000 	C:\WINDOWS\System32\USER32.dll
0x00007ff9ad840000 - 0x00007ff9ad867000 	C:\WINDOWS\System32\win32u.dll
0x00007ff9987d0000 - 0x00007ff998a62000 	C:\WINDOWS\WinSxS\amd64_microsoft.windows.common-controls_6595b64144ccf1df_6.0.26100.8457_none_3e0b2faee331e92d\COMCTL32.dll
0x00007ff9ae220000 - 0x00007ff9ae24b000 	C:\WINDOWS\System32\GDI32.dll
0x00007ff9aeab0000 - 0x00007ff9aeb59000 	C:\WINDOWS\System32\msvcrt.dll
0x00007ff9ad710000 - 0x00007ff9ad83c000 	C:\WINDOWS\System32\gdi32full.dll
0x00007ff9ad870000 - 0x00007ff9ad913000 	C:\WINDOWS\System32\msvcp_win.dll
0x00007ff9ae0c0000 - 0x00007ff9ae0f2000 	C:\WINDOWS\System32\IMM32.DLL
0x00007ff9890e0000 - 0x00007ff9891d2000 	D:\Windhawk\Engine\1.7.3\64\windhawk.dll
0x00007ff9af800000 - 0x00007ff9af8b6000 	C:\WINDOWS\System32\ADVAPI32.dll
0x00007ff9afa90000 - 0x00007ff9afb37000 	C:\WINDOWS\System32\sechost.dll
0x00007ff9ae100000 - 0x00007ff9ae218000 	C:\WINDOWS\System32\RPCRT4.dll
0x00007ff9aa010000 - 0x00007ff9aa01c000 	D:\Program Files\jbr\bin\vcruntime140_1.dll
0x00007ff81b1c0000 - 0x00007ff81b24d000 	D:\Program Files\jbr\bin\msvcp140.dll
0x00007ff81b440000 - 0x00007ff81c0d6000 	D:\Program Files\jbr\bin\server\jvm.dll
0x00007ff9add30000 - 0x00007ff9addb0000 	C:\WINDOWS\System32\WS2_32.dll
0x00007ff9abb70000 - 0x00007ff9abbce000 	C:\WINDOWS\SYSTEM32\POWRPROF.dll
0x00007ff995050000 - 0x00007ff99505b000 	C:\WINDOWS\SYSTEM32\VERSION.dll
0x00007ff9a7c30000 - 0x00007ff9a7c66000 	C:\WINDOWS\SYSTEM32\WINMM.dll
0x00007ff9abb50000 - 0x00007ff9abb64000 	C:\WINDOWS\SYSTEM32\UMPDC.dll
0x00007ff9ab550000 - 0x00007ff9ab56b000 	C:\WINDOWS\SYSTEM32\kernel.appcore.dll
0x00007ff9aa000000 - 0x00007ff9aa00a000 	D:\Program Files\jbr\bin\jimage.dll
0x00007ff9aa300000 - 0x00007ff9aa542000 	C:\WINDOWS\SYSTEM32\DBGHELP.DLL
0x00007ff9af470000 - 0x00007ff9af7f3000 	C:\WINDOWS\System32\combase.dll
0x00007ff9ae250000 - 0x00007ff9ae329000 	C:\WINDOWS\System32\OLEAUT32.dll
0x00007ff995790000 - 0x00007ff9957cb000 	C:\WINDOWS\SYSTEM32\dbgcore.DLL
0x00007ff9ac7e0000 - 0x00007ff9ac888000 	C:\WINDOWS\System32\bcryptPrimitives.dll
0x00007ff935580000 - 0x00007ff93558e000 	D:\Program Files\jbr\bin\instrument.dll
0x00007ff97b8a0000 - 0x00007ff97b8c0000 	D:\Program Files\jbr\bin\java.dll
0x00007ff9799e0000 - 0x00007ff9799f8000 	D:\Program Files\jbr\bin\zip.dll
0x00007ff9ae330000 - 0x00007ff9aea9e000 	C:\WINDOWS\System32\SHELL32.dll
0x00007ff9ac9e0000 - 0x00007ff9ad24c000 	C:\WINDOWS\System32\windows.storage.dll
0x00007ff9af360000 - 0x00007ff9af456000 	C:\WINDOWS\System32\SHCORE.dll
0x00007ff9adb30000 - 0x00007ff9adb96000 	C:\WINDOWS\System32\shlwapi.dll
0x00007ff9ac670000 - 0x00007ff9ac699000 	C:\WINDOWS\SYSTEM32\profapi.dll
0x00007ff9975d0000 - 0x00007ff9975e0000 	D:\Program Files\jbr\bin\net.dll
0x00007ff997160000 - 0x00007ff997289000 	C:\WINDOWS\SYSTEM32\WINHTTP.dll
0x00007ff9abae0000 - 0x00007ff9abb4c000 	C:\WINDOWS\system32\mswsock.dll
0x00007ff9799c0000 - 0x00007ff9799d6000 	D:\Program Files\jbr\bin\nio.dll
0x00007ff976390000 - 0x00007ff9763a0000 	D:\Program Files\jbr\bin\verify.dll
0x00007ff90bec0000 - 0x00007ff90bee7000 	C:\Users\Admin\.gradle\native\660c5614fbf4a5f2a75b1949f50a0caf5cd603558e7d8a26e50b933a0cfb79d1\windows-amd64\native-platform.dll
0x00007fff9f3d0000 - 0x00007fff9f447000 	C:\Users\Admin\.gradle\native\0.2.8\x86_64-windows-gnu\gradle-fileevents.dll
0x00007ff990a40000 - 0x00007ff990a49000 	D:\Program Files\jbr\bin\management.dll
0x00007ff980c50000 - 0x00007ff980c5b000 	D:\Program Files\jbr\bin\management_ext.dll
0x00007ff9af460000 - 0x00007ff9af468000 	C:\WINDOWS\System32\PSAPI.DLL
0x00007ff9aaf20000 - 0x00007ff9aaf52000 	C:\WINDOWS\SYSTEM32\IPHLPAPI.DLL
0x00007ff9adaa0000 - 0x00007ff9adaaa000 	C:\WINDOWS\System32\NSI.dll
0x00007ff994a20000 - 0x00007ff994a29000 	D:\Program Files\jbr\bin\extnet.dll
0x00007ff9abe50000 - 0x00007ff9abe6b000 	C:\WINDOWS\SYSTEM32\CRYPTSP.dll
0x00007ff9ab440000 - 0x00007ff9ab479000 	C:\WINDOWS\system32\rsaenh.dll
0x00007ff9abc20000 - 0x00007ff9abc53000 	C:\WINDOWS\SYSTEM32\USERENV.dll
0x00007ff9ac640000 - 0x00007ff9ac66a000 	C:\WINDOWS\SYSTEM32\bcrypt.dll
0x00007ff9abe70000 - 0x00007ff9abe7c000 	C:\WINDOWS\SYSTEM32\CRYPTBASE.dll
0x00007ff98ca30000 - 0x00007ff98ca38000 	C:\WINDOWS\system32\wshunix.dll

JVMTI agents:
C:\Users\Admin\.gradle\wrapper\dists\gradle-9.3.1-bin\23ovyewtku6u96viwx3xl3oks\gradle-9.3.1\lib\agents\gradle-instrumentation-agent-9.3.1.jar path:D:\Program Files\jbr\bin\instrument.dll, loaded, initialized, instrumentlib options:none

dbghelp: loaded successfully - version: 4.0.5 - missing functions: none
symbol engine: initialized successfully - sym options: 0x614 - pdb path: .;D:\Program Files\jbr\bin;C:\WINDOWS\SYSTEM32;C:\WINDOWS\WinSxS\amd64_microsoft.windows.common-controls_6595b64144ccf1df_6.0.26100.8457_none_3e0b2faee331e92d;D:\Windhawk\Engine\1.7.3\64;D:\Program Files\jbr\bin\server;C:\Users\Admin\.gradle\native\660c5614fbf4a5f2a75b1949f50a0caf5cd603558e7d8a26e50b933a0cfb79d1\windows-amd64;C:\Users\Admin\.gradle\native\0.2.8\x86_64-windows-gnu

VM Arguments:
jvm_args: --add-opens=java.base/java.lang=ALL-UNNAMED --add-opens=java.base/java.lang.invoke=ALL-UNNAMED --add-opens=java.base/java.util=ALL-UNNAMED --add-opens=java.prefs/java.util.prefs=ALL-UNNAMED --add-exports=jdk.compiler/com.sun.tools.javac.api=ALL-UNNAMED --add-exports=jdk.compiler/com.sun.tools.javac.util=ALL-UNNAMED --add-opens=java.base/java.util=ALL-UNNAMED --add-opens=java.prefs/java.util.prefs=ALL-UNNAMED --add-opens=java.base/java.nio.charset=ALL-UNNAMED --add-opens=java.base/java.net=ALL-UNNAMED --add-opens=java.base/java.util.concurrent=ALL-UNNAMED --add-opens=java.base/java.util.concurrent.atomic=ALL-UNNAMED --add-opens=java.xml/javax.xml.namespace=ALL-UNNAMED --add-opens=java.base/java.time=ALL-UNNAMED -Xmx2048m -Dfile.encoding=UTF-8 -Duser.country=US -Duser.language=en -Duser.variant -javaagent:C:\Users\Admin\.gradle\wrapper\dists\gradle-9.3.1-bin\23ovyewtku6u96viwx3xl3oks\gradle-9.3.1\lib\agents\gradle-instrumentation-agent-9.3.1.jar 
java_command: org.gradle.launcher.daemon.bootstrap.GradleDaemon 9.3.1
java_class_path (initial): C:\Users\Admin\.gradle\wrapper\dists\gradle-9.3.1-bin\23ovyewtku6u96viwx3xl3oks\gradle-9.3.1\lib\gradle-daemon-main-9.3.1.jar
Launcher Type: SUN_STANDARD

[Global flags]
     intx CICompilerCount                          = 12                                        {product} {ergonomic}
     uint ConcGCThreads                            = 3                                         {product} {ergonomic}
     uint G1ConcRefinementThreads                  = 13                                        {product} {ergonomic}
   size_t G1HeapRegionSize                         = 1048576                                   {product} {ergonomic}
    uintx GCDrainStackTargetSize                   = 64                                        {product} {ergonomic}
   size_t InitialHeapSize                          = 264241152                                 {product} {ergonomic}
   size_t MarkStackSize                            = 4194304                                   {product} {ergonomic}
   size_t MaxHeapSize                              = 2147483648                                {product} {command line}
   size_t MaxNewSize                               = 1287651328                                {product} {ergonomic}
   size_t MinHeapDeltaBytes                        = 1048576                                   {product} {ergonomic}
   size_t MinHeapSize                              = 8388608                                   {product} {ergonomic}
    uintx NonNMethodCodeHeapSize                   = 7602480                                {pd product} {ergonomic}
    uintx NonProfiledCodeHeapSize                  = 122027880                              {pd product} {ergonomic}
    uintx ProfiledCodeHeapSize                     = 122027880                              {pd product} {ergonomic}
    uintx ReservedCodeCacheSize                    = 251658240                              {pd product} {ergonomic}
     bool SegmentedCodeCache                       = true                                      {product} {ergonomic}
   size_t SoftMaxHeapSize                          = 2147483648                             {manageable} {ergonomic}
     bool UseCompressedOops                        = true                           {product lp64_product} {ergonomic}
     bool UseG1GC                                  = true                                      {product} {ergonomic}
     bool UseLargePagesIndividualAllocation        = false                                  {pd product} {ergonomic}

Logging:
Log output configuration:
 #0: stdout all=warning uptime,level,tags foldmultilines=false
 #1: stderr all=off uptime,level,tags foldmultilines=false

Release file:
JAVA_VERSION="21.0.9" 
MODULES="java.base java.compiler java.datatransfer java.xml java.prefs java.desktop java.instrument java.logging java.management java.security.sasl java.naming java.rmi java.management.rmi java.net.http java.scripting java.security.jgss java.transaction.xa java.sql java.sql.rowset java.xml.crypto java.se java.smartcardio jdk.accessibility jdk.internal.jvmstat jdk.attach jdk.charsets jdk.internal.opt jdk.zipfs jdk.compiler jdk.crypto.ec jdk.crypto.cryptoki jdk.dynalink jdk.hotspot.agent jdk.httpserver jdk.internal.ed jdk.internal.le jdk.internal.vm.ci jdk.jartool jdk.javadoc jdk.jcmd jdk.jdeps jdk.jdwp.agent jdk.jdi jdk.jfr jdk.jlink jdk.jsobject jdk.localedata jdk.management jdk.management.agent jdk.management.jfr jdk.naming.dns jdk.naming.rmi jdk.net jdk.sctp jdk.security.auth jdk.security.jgss jdk.unsupported jdk.unsupported.desktop jdk.xml.dom" 
IMPLEMENTOR="JetBrains s.r.o." 
JAVA_RUNTIME_VERSION="21.0.9+-14787801-b1163.94" 
LIBC="default" 
OS_ARCH="x86_64" 
OS_NAME="Windows" 
SOURCE=".:git:0c757ddc9f2f" 

Environment Variables:
PATH=C:\WINDOWS\system32;C:\WINDOWS;C:\WINDOWS\System32\Wbem;C:\WINDOWS\System32\WindowsPowerShell\v1.0\;C:\WINDOWS\System32\OpenSSH\;C:\Program Files (x86)\NVIDIA Corporation\PhysX\Common;C:\Program Files\NVIDIA Corporation\NVIDIA NvDLISR;C:\Program Files\dotnet\;C:\Program Files\Git\cmd;C:\Program Files\Docker\Docker\resources\bin;C:\Program Files\nodejs\;C:\Users\Admin\Downloads\apache-maven-3.9.16-bin (1)\apache-maven-3.9.16>\bin;C:\Users\Admin\AppData\Local\Programs\Python\Python313\Scripts\;C:\Users\Admin\AppData\Local\Programs\Python\Python313\;C:\Users\Admin\.local\bin;C:\Users\Admin\AppData\Local\Microsoft\WindowsApps;D:\VScode\Microsoft VS Code\bin;C:\Program Files\JetBrains\IntelliJ IDEA 2025.3.3\bin;C:\Users\Admin\AppData\Local\Programs\cursor\resources\app\bin;C:\Users\Admin\AppData\Roaming\npm;C:\Program Files\maven\bin;C:\Users\Admin\AppData\Local\Programs\Antigravity IDE\bin
USERNAME=Admin
OS=Windows_NT
PROCESSOR_IDENTIFIER=Intel64 Family 6 Model 186 Stepping 2, GenuineIntel
TMP=C:\Users\Admin\AppData\Local\Temp
TEMP=C:\Users\Admin\AppData\Local\Temp




Periodic native trim disabled

JNI global refs:
JNI global refs: 31, weak refs: 0

JNI global refs memory usage: 835, weak refs: 201

Process memory usage:
Resident Set Size: 214636K (1% of 16395500K total physical memory with 1021240K free physical memory)

OOME stack traces (most recent first):
Classloader memory used:
Loader bootstrap                                                                       : 16583K
Loader org.gradle.internal.classloader.VisitableURLClassLoader                         : 11767K
Loader org.gradle.initialization.MixInLegacyTypesClassLoader                           : 1239K
Loader jdk.internal.loader.ClassLoaders$AppClassLoader                                 : 229K
Loader jdk.internal.loader.ClassLoaders$PlatformClassLoader                            : 115K

Classes loaded by more than one classloader:
Class org.gradle.internal.classloader.FilteringClassLoader                            : loaded 2 times (x 105B)
Class org.gradle.internal.classloader.ClassLoaderHierarchy                            : loaded 2 times (x 70B)
Class org.gradle.api.internal.classpath.ManifestUtil                                  : loaded 2 times (x 71B)
Class org.gradle.internal.classloader.DefaultClassLoaderFactory                       : loaded 2 times (x 82B)
Class org.gradle.internal.classloader.ClassLoaderVisitor                              : loaded 2 times (x 76B)
Class org.gradle.api.internal.classpath.EffectiveClassPath                            : loaded 2 times (x 90B)
Class org.gradle.api.internal.DefaultClassPathProvider                                : loaded 2 times (x 76B)
Class [Lorg.gradle.api.internal.ClassPathProvider;                                    : loaded 2 times (x 69B)
Class org.gradle.api.internal.ClassPathProvider                                       : loaded 2 times (x 70B)
Class org.gradle.internal.service.UnknownServiceException                             : loaded 2 times (x 83B)
Class org.gradle.internal.classpath.TransformedClassPath                              : loaded 2 times (x 96B)
Class org.gradle.internal.classloader.InstrumentingClassLoader                        : loaded 2 times (x 70B)
Class org.gradle.internal.service.ServiceLocator                                      : loaded 2 times (x 70B)
Class org.gradle.internal.classloader.ClasspathUtil$1                                 : loaded 2 times (x 76B)
Class org.gradle.api.internal.classpath.DefaultModuleRegistry$DefaultModule           : loaded 2 times (x 86B)
Class org.gradle.api.internal.classpath.Module                                        : loaded 2 times (x 70B)
Class org.gradle.api.internal.classpath.UnknownModuleException                        : loaded 2 times (x 82B)
Class org.gradle.api.internal.DefaultClassPathRegistry                                : loaded 2 times (x 76B)
Class org.gradle.api.internal.ClassPathRegistry                                       : loaded 2 times (x 70B)
Class org.gradle.internal.classpath.DefaultClassPath$ImmutableUniqueList              : loaded 2 times (x 199B)
Class org.gradle.internal.classpath.ClassPath                                         : loaded 2 times (x 70B)
Class org.gradle.api.internal.classpath.ModuleRegistry                                : loaded 2 times (x 70B)
Class org.gradle.internal.installation.GradleInstallation$1                           : loaded 2 times (x 75B)
Class org.gradle.api.internal.classpath.DefaultModuleRegistry                         : loaded 2 times (x 86B)
Class org.gradle.internal.service.ServiceLookupException                              : loaded 2 times (x 82B)
Class org.gradle.internal.classloader.ClassLoaderFactory                              : loaded 2 times (x 70B)
Class org.gradle.internal.service.CachingServiceLocator                               : loaded 2 times (x 82B)
Class org.gradle.internal.classloader.ClasspathUtil                                   : loaded 2 times (x 71B)
Class org.gradle.api.specs.Spec                                                       : loaded 2 times (x 70B)
Class org.gradle.internal.classloader.VisitableURLClassLoader$InstrumentingVisitableURLClassLoader: loaded 2 times (x 123B)
Class org.gradle.internal.classloader.VisitableURLClassLoader$Spec                    : loaded 2 times (x 74B)
Class org.gradle.internal.classpath.DefaultClassPath                                  : loaded 2 times (x 90B)
Class org.gradle.internal.classloader.ClassLoaderSpec                                 : loaded 2 times (x 71B)
Class org.gradle.internal.classloader.VisitableURLClassLoader                         : loaded 2 times (x 117B)
Class org.gradle.internal.Cast                                                        : loaded 2 times (x 71B)
Class org.gradle.api.Action                                                           : loaded 2 times (x 70B)
Class org.gradle.internal.classpath.DefaultClassPath$ImmutableUniqueList$Builder      : loaded 2 times (x 75B)
Class org.gradle.api.GradleException                                                  : loaded 2 times (x 82B)
Class org.gradle.internal.IoActions                                                   : loaded 2 times (x 71B)
Class org.gradle.internal.classloader.SystemClassLoaderSpec                           : loaded 2 times (x 71B)
Class org.gradle.api.internal.classpath.GlobalCacheRootsProvider                      : loaded 2 times (x 70B)
Class org.gradle.internal.installation.CurrentGradleInstallationLocator               : loaded 2 times (x 71B)
Class org.gradle.internal.service.DefaultServiceLocator                               : loaded 2 times (x 83B)
Class org.gradle.internal.installation.CurrentGradleInstallation                      : loaded 2 times (x 73B)
Class org.gradle.util.internal.GUtil                                                  : loaded 2 times (x 71B)
Class org.gradle.internal.installation.GradleInstallation                             : loaded 2 times (x 75B)

---------------  S Y S T E M  ---------------

OS:
 Windows 11 , 64 bit Build 26100 (10.0.26100.8328)
OS uptime: 3 days 0:26 hours
Hyper-V role detected

CPU: total 16 (initial active 16) (8 cores per cpu, 2 threads per core) family 6 model 186 stepping 2 microcode 0x5104, cx8, cmov, fxsr, ht, mmx, 3dnowpref, sse, sse2, sse3, ssse3, sse4.1, sse4.2, popcnt, lzcnt, tsc, tscinvbit, avx, avx2, aes, erms, clmul, bmi1, bmi2, adx, sha, fma, vzeroupper, clflush, clflushopt, clwb, hv, serialize, rdtscp, rdpid, fsrm, f16c, cet_ibt, cet_ss
Processor Information for processor 0
  Max Mhz: 2400, Current Mhz: 2400, Mhz Limit: 2400
Processor Information for processor 1
  Max Mhz: 2400, Current Mhz: 2400, Mhz Limit: 2400
Processor Information for processor 2
  Max Mhz: 2400, Current Mhz: 2400, Mhz Limit: 2400
Processor Information for processor 3
  Max Mhz: 2400, Current Mhz: 2400, Mhz Limit: 2400
Processor Information for processor 4
  Max Mhz: 2400, Current Mhz: 2400, Mhz Limit: 2400
Processor Information for processor 5
  Max Mhz: 2400, Current Mhz: 2400, Mhz Limit: 2400
Processor Information for processor 6
  Max Mhz: 2400, Current Mhz: 2400, Mhz Limit: 2400
Processor Information for processor 7
  Max Mhz: 2400, Current Mhz: 2400, Mhz Limit: 2400
Processor Information for processor 8
  Max Mhz: 2400, Current Mhz: 2400, Mhz Limit: 2400
Processor Information for processor 9
  Max Mhz: 2400, Current Mhz: 2400, Mhz Limit: 2400
Processor Information for processor 10
  Max Mhz: 2400, Current Mhz: 2400, Mhz Limit: 2400
Processor Information for processor 11
  Max Mhz: 2400, Current Mhz: 2400, Mhz Limit: 2400
Processor Information for processor 12
  Max Mhz: 2400, Current Mhz: 2400, Mhz Limit: 2400
Processor Information for processor 13
  Max Mhz: 2400, Current Mhz: 1466, Mhz Limit: 2400
Processor Information for processor 14
  Max Mhz: 2400, Current Mhz: 1466, Mhz Limit: 2400
Processor Information for processor 15
  Max Mhz: 2400, Current Mhz: 2400, Mhz Limit: 2400

Memory: 4k page, system-wide physical 16011M (1004M free)
TotalPageFile size 34761M (AvailPageFile size 16M)
current process WorkingSet (physical memory assigned to process): 209M, peak: 274M
current process commit charge ("private bytes"): 260M, peak: 404M

vm_info: OpenJDK 64-Bit Server VM (21.0.9+-14787801-b1163.94) for windows-amd64 JRE (21.0.9+-14787801-b1163.94), built on 2026-01-27T21:15:44Z by "builder" with MS VC++ 16.10 / 16.11 (VS2019)

END.
